{"status": "Error", "details": {"msg": "Invalid path to data file (hw2/test_files/input/11.json)"}}