{"status": "Error", "details": {"msg": "Validation error for user items in data file (hw2/test_files/input/2.json): Object missing required field `last_login`"}}