{
    "max_age": 71,
    "min_age": 12,
    "avg_age": 47,
    "median_age": 52,
    "lt_two_days_offline_users_average_age": 0,
    "lt_week_offline_users_average_age": 0,
    "lt_month_offline_users_average_age": 0,
    "lt_half_of_year_offline_users_average_age": 45,
    "mt_half_of_year_offline_users_average_age": 52
}