{"status": "Error", "details": {"msg": "Invalid JSON file provided (hw2/test_files/input/8.json)"}}