{
    "max_age": 69,
    "min_age": 12,
    "avg_age": 39,
    "median_age": 26,
    "lt_two_days_offline_users_average_age": 0,
    "lt_week_offline_users_average_age": 0,
    "lt_month_offline_users_average_age": 12,
    "lt_half_of_year_offline_users_average_age": 41,
    "mt_half_of_year_offline_users_average_age": 26
}