{
   "0-18": 50.0,
   "18-25": 0.0,
   "26-45": 50.0,
   "45-59": 0.0,
   "60+": 0.0,
   "2019": 50.0,
   "2012": 50.0
}