{"status": "InvalidContentFile", "message": "Content in file must be dict"}