"The registration number entered is of the wrong type"