{
   "0-18": 0.0,
   "18-25": 50.0,
   "26-45": 50.0,
   "45-59": 0.0,
   "60+": 0.0,
   "2014": 50.0,
   "2012": 50.0
}