{
    "email": {
       "yandex.ru": 50.0,
       "mail.ru": 50.0
    },
    "registered": {
       "2019-10-30": 50.0,
       "2022-10-30": 50.0
    }
 }