{"status": "JSONDecodeError", "message": "Input file is empty"}