{
   "0-18": 0.0,
   "18-25": 0.0,
   "26-45": 50.0,
   "45-59": 0.0,
   "60+": 50.0,
   "2004": 50.0,
   "2005": 50.0
}