{"status": "TimeDateError", "message": "2077-12-24 in uncorrect time"}