{
   "0-18": 0.0,
   "18-25": 0.0,
   "26-45": 0.0,
   "45-59": 0.0,
   "60+": 0.0
}