{
    "email": {
        "mail.ru": 42.86,
        "gmail.com": 28.57,
        "mail.bel": 14.29,
        "soplya.ru": 14.29
    },
    "registered": {
        "2012": 57.14,
        "2011": 28.57,
        "2013": 14.29
    }
}