{
    "email": {
        "yandex.ru": 50.0,
        "gmail.com": 50.0
    },
    "registered": {
        "2012": 50.0,
        "2022": 50.0
    }
}